[byvamesmart.sk/index.html]
[backblue.gif]
[fade.gif]
[index.html]
[byvamesmart.sk/assets/images/logo.png]
[cdn.jsdelivr.net/npm/bootstrap@5.0.2/dist/css/bootstrap.min.css]
[cdnjs.cloudflare.com/ajax/libs/font-awesome/5.15.4/css/all.min.css]
[byvamesmart.sk/lib/slick-1.8.1/slick.css]
[byvamesmart.sk/lib/slick-1.8.1/slick-theme.css]
[byvamesmart.sk/assets/css/style.css]
[byvamesmart.sk/assets/css/responsive.css]
[byvamesmart.sk/index-2.html]
[byvamesmart.sk/pages/hardware.html]
[byvamesmart.sk/pages/contact.html]
[byvamesmart.sk/assets/images/iphone_image.png]
[byvamesmart.sk/assets/images/image_1.jpg]
[byvamesmart.sk/assets/images/image_2.jpg]
[byvamesmart.sk/assets/images/image_3.jpg]
[byvamesmart.sk/assets/images/image_4.jpg]
[byvamesmart.sk/assets/images/image_5.jpg]
[byvamesmart.sk/assets/images/image_6.jpg]
[byvamesmart.sk/assets/images/image_7.jpg]
[byvamesmart.sk/assets/images/image_8.jpg]
[byvamesmart.sk/assets/images/tab.png]
[byvamesmart.sk/assets/images/tablet.jpg]
[byvamesmart.sk/assets/images/irrigation.jpg]
[byvamesmart.sk/assets/images/curtain.jpg]
[byvamesmart.sk/assets/images/rollershutter.jpg]
[byvamesmart.sk/assets/images/pool.jpg]
[byvamesmart.sk/assets/images/mover.jpg]
[byvamesmart.sk/assets/images/gate.jpg]
[byvamesmart.sk/assets/images/camera.jpg]
[code.jquery.com/jquery-3.5.1.min.js]
[cdn.jsdelivr.net/npm/bootstrap@5.0.2/dist/js/bootstrap.bundle.min.js]
[byvamesmart.sk/lib/slick-1.8.1/slick.min.js]
[byvamesmart.sk/lib/slick-1.8.1/slick-animation.min.js]
[byvamesmart.sk/assets/js/main.js]
[byvamesmart.sk/index.html]
[cdn.jsdelivr.net/npm/bootstrap@5.0.2/dist/css/bootstrap.min.css]
[cdnjs.cloudflare.com/ajax/libs/font-awesome/5.15.4/css/all.min.css]
[byvamesmart.sk/lib/slick-1.8.1/slick.css]
[byvamesmart.sk/lib/slick-1.8.1/ajax-loader.gif]
[byvamesmart.sk/lib/slick-1.8.1/fonts/slick.eot]
[byvamesmart.sk/lib/slick-1.8.1/fonts/slickd41d.eot]
[byvamesmart.sk/lib/slick-1.8.1/fonts/slick.woff]
[byvamesmart.sk/lib/slick-1.8.1/fonts/slick.ttf]
[byvamesmart.sk/lib/slick-1.8.1/slick-theme.css]
[byvamesmart.sk/lib/slick-1.8.1/fonts/slick.svg]
[byvamesmart.sk/assets/images/bg_2.jpg]
[byvamesmart.sk/assets/images/bg_3.jpg]
[byvamesmart.sk/assets/images/bg_5.png]
[byvamesmart.sk/assets/images/bg_1.jpg]
[byvamesmart.sk/assets/images/bg_7.png]
[byvamesmart.sk/assets/images/banner_bg.png]
[byvamesmart.sk/assets/images/slider_bg.png]
[byvamesmart.sk/assets/images/bg_4.jpg]
[byvamesmart.sk/assets/css/style.css]
[byvamesmart.sk/assets/css/responsive.css]
[byvamesmart.sk/index-2.html]
[byvamesmart.sk/assets/images/product_1.png]
[byvamesmart.sk/assets/images/blob_1.png]
[byvamesmart.sk/assets/images/product_2.png]
[byvamesmart.sk/assets/images/product_3.png]
[byvamesmart.sk/assets/images/product_4.png]
[byvamesmart.sk/pages/hardware.html]
[byvamesmart.sk/assets/images/partner_logo/partner_1.png]
[byvamesmart.sk/assets/images/partner_logo/partner_2.png]
[byvamesmart.sk/assets/images/partner_logo/partner_3.png]
[byvamesmart.sk/assets/images/partner_logo/partner_4.png]
[byvamesmart.sk/assets/images/partner_logo/partner_5.png]
[byvamesmart.sk/assets/images/partner_logo/partner_6.png]
[byvamesmart.sk/assets/images/partner_logo/partner_7.png]
[byvamesmart.sk/assets/images/partner_logo/partner_8.png]
[byvamesmart.sk/assets/images/partner_logo/partner_9.png]
[byvamesmart.sk/assets/images/partner_logo/partner_10.png]
[byvamesmart.sk/assets/images/partner_logo/partner_12.png]
[byvamesmart.sk/pages/contact.html]
[byvamesmart.sk/lib/slick-1.8.1/fonts/slick.svg]
[byvamesmart.sk/assets/images/partner_logo/partner_11.html]
